f d:17 i:-1
f d:17 i:3
f d:11 i:5
99
333
12
17
5
11
